Analysis & Synthesis report for lab
Thu Jan 04 11:19:31 2018
Quartus II Version 9.1 Build 222 10/21/2009 SJ Web Edition


---------------------
; Table of Contents ;
---------------------
  1. Legal Notice
  2. Analysis & Synthesis Summary
  3. Analysis & Synthesis Settings
  4. Parallel Compilation
  5. Analysis & Synthesis Source Files Read
  6. Analysis & Synthesis Resource Usage Summary
  7. Analysis & Synthesis Resource Utilization by Entity
  8. State Machine - |test_hardware|Integrate:lmao|lab_cu:CU|state
  9. Registers Removed During Synthesis
 10. General Register Statistics
 11. Multiplexer Restructuring Statistics (Restructuring Performed)
 12. Parameter Settings for User Entity Instance: Integrate:lmao|lab_cu:CU
 13. Parameter Settings for User Entity Instance: Integrate:lmao|lab_dp_pro:DP|ModuleReg:IRregister
 14. Parameter Settings for User Entity Instance: Integrate:lmao|lab_dp_pro:DP|ModuleReg:PCregister
 15. Parameter Settings for User Entity Instance: Integrate:lmao|lab_dp_pro:DP|ModuleReg:Aregister
 16. Port Connectivity Checks: "Integrate:lmao|lab_dp_pro:DP"
 17. Port Connectivity Checks: "Integrate:lmao|lab4B_p2:SC"
 18. Port Connectivity Checks: "Integrate:lmao"
 19. Analysis & Synthesis Messages
 20. Analysis & Synthesis Suppressed Messages



----------------
; Legal Notice ;
----------------
Copyright (C) 1991-2009 Altera Corporation
Your use of Altera Corporation's design tools, logic functions 
and other software and tools, and its AMPP partner logic 
functions, and any output files from any of the foregoing 
(including device programming or simulation files), and any 
associated documentation or information are expressly subject 
to the terms and conditions of the Altera Program License 
Subscription Agreement, Altera MegaCore Function License 
Agreement, or other applicable license agreement, including, 
without limitation, that your use is for the sole purpose of 
programming logic devices manufactured by Altera and sold by 
Altera or its authorized distributors.  Please refer to the 
applicable agreement for further details.



+------------------------------------------------------------------------------+
; Analysis & Synthesis Summary                                                 ;
+------------------------------------+-----------------------------------------+
; Analysis & Synthesis Status        ; Successful - Thu Jan 04 11:19:31 2018   ;
; Quartus II Version                 ; 9.1 Build 222 10/21/2009 SJ Web Edition ;
; Revision Name                      ; lab                                     ;
; Top-level Entity Name              ; test_hardware                           ;
; Family                             ; Cyclone II                              ;
; Total logic elements               ; 521                                     ;
;     Total combinational functions  ; 304                                     ;
;     Dedicated logic registers      ; 281                                     ;
; Total registers                    ; 281                                     ;
; Total pins                         ; 37                                      ;
; Total virtual pins                 ; 0                                       ;
; Total memory bits                  ; 0                                       ;
; Embedded Multiplier 9-bit elements ; 0                                       ;
; Total PLLs                         ; 0                                       ;
+------------------------------------+-----------------------------------------+


+----------------------------------------------------------------------------------------------------------------------+
; Analysis & Synthesis Settings                                                                                        ;
+----------------------------------------------------------------------------+--------------------+--------------------+
; Option                                                                     ; Setting            ; Default Value      ;
+----------------------------------------------------------------------------+--------------------+--------------------+
; Device                                                                     ; EP2C20F484C7       ;                    ;
; Top-level entity name                                                      ; test_hardware      ; lab                ;
; Family name                                                                ; Cyclone II         ; Stratix II         ;
; Use Generated Physical Constraints File                                    ; Off                ;                    ;
; Use smart compilation                                                      ; Off                ; Off                ;
; Enable parallel Assembler and TimeQuest Timing Analyzer during compilation ; On                 ; On                 ;
; Enable compact report table                                                ; Off                ; Off                ;
; Restructure Multiplexers                                                   ; Auto               ; Auto               ;
; Create Debugging Nodes for IP Cores                                        ; Off                ; Off                ;
; Preserve fewer node names                                                  ; On                 ; On                 ;
; Disable OpenCore Plus hardware evaluation                                  ; Off                ; Off                ;
; Verilog Version                                                            ; Verilog_2001       ; Verilog_2001       ;
; VHDL Version                                                               ; VHDL_1993          ; VHDL_1993          ;
; State Machine Processing                                                   ; Auto               ; Auto               ;
; Safe State Machine                                                         ; Off                ; Off                ;
; Extract Verilog State Machines                                             ; On                 ; On                 ;
; Extract VHDL State Machines                                                ; On                 ; On                 ;
; Ignore Verilog initial constructs                                          ; Off                ; Off                ;
; Iteration limit for constant Verilog loops                                 ; 5000               ; 5000               ;
; Iteration limit for non-constant Verilog loops                             ; 250                ; 250                ;
; Add Pass-Through Logic to Inferred RAMs                                    ; On                 ; On                 ;
; Parallel Synthesis                                                         ; On                 ; On                 ;
; DSP Block Balancing                                                        ; Auto               ; Auto               ;
; NOT Gate Push-Back                                                         ; On                 ; On                 ;
; Power-Up Don't Care                                                        ; On                 ; On                 ;
; Remove Redundant Logic Cells                                               ; Off                ; Off                ;
; Remove Duplicate Registers                                                 ; On                 ; On                 ;
; Ignore CARRY Buffers                                                       ; Off                ; Off                ;
; Ignore CASCADE Buffers                                                     ; Off                ; Off                ;
; Ignore GLOBAL Buffers                                                      ; Off                ; Off                ;
; Ignore ROW GLOBAL Buffers                                                  ; Off                ; Off                ;
; Ignore LCELL Buffers                                                       ; Off                ; Off                ;
; Ignore SOFT Buffers                                                        ; On                 ; On                 ;
; Limit AHDL Integers to 32 Bits                                             ; Off                ; Off                ;
; Optimization Technique                                                     ; Balanced           ; Balanced           ;
; Carry Chain Length                                                         ; 70                 ; 70                 ;
; Auto Carry Chains                                                          ; On                 ; On                 ;
; Auto Open-Drain Pins                                                       ; On                 ; On                 ;
; Perform WYSIWYG Primitive Resynthesis                                      ; Off                ; Off                ;
; Auto ROM Replacement                                                       ; On                 ; On                 ;
; Auto RAM Replacement                                                       ; On                 ; On                 ;
; Auto Shift Register Replacement                                            ; Auto               ; Auto               ;
; Auto Clock Enable Replacement                                              ; On                 ; On                 ;
; Strict RAM Replacement                                                     ; Off                ; Off                ;
; Allow Synchronous Control Signals                                          ; On                 ; On                 ;
; Force Use of Synchronous Clear Signals                                     ; Off                ; Off                ;
; Auto RAM to Logic Cell Conversion                                          ; Off                ; Off                ;
; Auto Resource Sharing                                                      ; Off                ; Off                ;
; Allow Any RAM Size For Recognition                                         ; Off                ; Off                ;
; Allow Any ROM Size For Recognition                                         ; Off                ; Off                ;
; Allow Any Shift Register Size For Recognition                              ; Off                ; Off                ;
; Use LogicLock Constraints during Resource Balancing                        ; On                 ; On                 ;
; Ignore translate_off and synthesis_off directives                          ; Off                ; Off                ;
; Timing-Driven Synthesis                                                    ; Off                ; Off                ;
; Show Parameter Settings Tables in Synthesis Report                         ; On                 ; On                 ;
; Ignore Maximum Fan-Out Assignments                                         ; Off                ; Off                ;
; Synchronization Register Chain Length                                      ; 2                  ; 2                  ;
; PowerPlay Power Optimization                                               ; Normal compilation ; Normal compilation ;
; HDL message level                                                          ; Level2             ; Level2             ;
; Suppress Register Optimization Related Messages                            ; Off                ; Off                ;
; Number of Removed Registers Reported in Synthesis Report                   ; 100                ; 100                ;
; Number of Inverted Registers Reported in Synthesis Report                  ; 100                ; 100                ;
; Clock MUX Protection                                                       ; On                 ; On                 ;
; Auto Gated Clock Conversion                                                ; Off                ; Off                ;
; Block Design Naming                                                        ; Auto               ; Auto               ;
; SDC constraint protection                                                  ; Off                ; Off                ;
; Synthesis Effort                                                           ; Auto               ; Auto               ;
; Shift Register Replacement - Allow Asynchronous Clear Signal               ; On                 ; On                 ;
; Analysis & Synthesis Message Level                                         ; Medium             ; Medium             ;
; Disable Register Merging Across Hierarchies                                ; Auto               ; Auto               ;
; Resource Aware Inference For Block RAM                                     ; On                 ; On                 ;
+----------------------------------------------------------------------------+--------------------+--------------------+


Parallel compilation was disabled, but you have multiple processors available. Enable parallel compilation to reduce compilation time.
+-------------------------------------+
; Parallel Compilation                ;
+----------------------------+--------+
; Processors                 ; Number ;
+----------------------------+--------+
; Number detected on machine ; 4      ;
; Maximum allowed            ; 1      ;
+----------------------------+--------+


+---------------------------------------------------------------------------------------------------------------------------------+
; Analysis & Synthesis Source Files Read                                                                                          ;
+----------------------------------+-----------------+------------------------+---------------------------------------------------+
; File Name with User-Entered Path ; Used in Netlist ; File Type              ; File Name with Absolute Path                      ;
+----------------------------------+-----------------+------------------------+---------------------------------------------------+
; lab4B_p2.v                       ; yes             ; User Verilog HDL File  ; C:/Users/Student/Desktop/BAME2044/lab4B_p2.v      ;
; test_hardware.v                  ; yes             ; User Verilog HDL File  ; C:/Users/Student/Desktop/BAME2044/test_hardware.v ;
; lab_cu.v                         ; yes             ; User Verilog HDL File  ; C:/Users/Student/Desktop/BAME2044/lab_cu.v        ;
; lab_dp_pro.v                     ; yes             ; User Verilog HDL File  ; C:/Users/Student/Desktop/BAME2044/lab_dp_pro.v    ;
; ModuleReg.v                      ; yes             ; User Verilog HDL File  ; C:/Users/Student/Desktop/BAME2044/ModuleReg.v     ;
; RamReg.v                         ; yes             ; User Verilog HDL File  ; C:/Users/Student/Desktop/BAME2044/RamReg.v        ;
; Integrate.v                      ; yes             ; User Verilog HDL File  ; C:/Users/Student/Desktop/BAME2044/Integrate.v     ;
; decoder.v                        ; yes             ; User Verilog HDL File  ; C:/Users/Student/Desktop/BAME2044/decoder.v       ;
+----------------------------------+-----------------+------------------------+---------------------------------------------------+


+----------------------------------------------------------------------------+
; Analysis & Synthesis Resource Usage Summary                                ;
+---------------------------------------------+------------------------------+
; Resource                                    ; Usage                        ;
+---------------------------------------------+------------------------------+
; Estimated Total logic elements              ; 521                          ;
;                                             ;                              ;
; Total combinational functions               ; 304                          ;
; Logic element usage by number of LUT inputs ;                              ;
;     -- 4 input functions                    ; 199                          ;
;     -- 3 input functions                    ; 33                           ;
;     -- <=2 input functions                  ; 72                           ;
;                                             ;                              ;
; Logic elements by mode                      ;                              ;
;     -- normal mode                          ; 261                          ;
;     -- arithmetic mode                      ; 43                           ;
;                                             ;                              ;
; Total registers                             ; 281                          ;
;     -- Dedicated logic registers            ; 281                          ;
;     -- I/O registers                        ; 0                            ;
;                                             ;                              ;
; I/O pins                                    ; 37                           ;
; Maximum fan-out node                        ; Integrate:lmao|lab4B_p2:SC|Q ;
; Maximum fan-out                             ; 249                          ;
; Total fan-out                               ; 1957                         ;
; Average fan-out                             ; 3.15                         ;
+---------------------------------------------+------------------------------+


+-------------------------------------------------------------------------------------------------------------------------------------------------------------------------------------------------------------------------------+
; Analysis & Synthesis Resource Utilization by Entity                                                                                                                                                                           ;
+---------------------------------+-------------------+--------------+-------------+--------------+---------+-----------+------+--------------+------------------------------------------------------------------+--------------+
; Compilation Hierarchy Node      ; LC Combinationals ; LC Registers ; Memory Bits ; DSP Elements ; DSP 9x9 ; DSP 18x18 ; Pins ; Virtual Pins ; Full Hierarchy Name                                              ; Library Name ;
+---------------------------------+-------------------+--------------+-------------+--------------+---------+-----------+------+--------------+------------------------------------------------------------------+--------------+
; |test_hardware                  ; 304 (2)           ; 281 (0)      ; 0           ; 0            ; 0       ; 0         ; 37   ; 0            ; |test_hardware                                                   ; work         ;
;    |Integrate:lmao|             ; 295 (0)           ; 281 (0)      ; 0           ; 0            ; 0       ; 0         ; 0    ; 0            ; |test_hardware|Integrate:lmao                                    ;              ;
;       |lab4B_p2:SC|             ; 44 (44)           ; 33 (33)      ; 0           ; 0            ; 0       ; 0         ; 0    ; 0            ; |test_hardware|Integrate:lmao|lab4B_p2:SC                        ;              ;
;       |lab_cu:CU|               ; 21 (21)           ; 11 (11)      ; 0           ; 0            ; 0       ; 0         ; 0    ; 0            ; |test_hardware|Integrate:lmao|lab_cu:CU                          ;              ;
;       |lab_dp_pro:DP|           ; 230 (30)          ; 237 (0)      ; 0           ; 0            ; 0       ; 0         ; 0    ; 0            ; |test_hardware|Integrate:lmao|lab_dp_pro:DP                      ;              ;
;          |ModuleReg:Aregister|  ; 0 (0)             ; 8 (8)        ; 0           ; 0            ; 0       ; 0         ; 0    ; 0            ; |test_hardware|Integrate:lmao|lab_dp_pro:DP|ModuleReg:Aregister  ;              ;
;          |ModuleReg:IRregister| ; 0 (0)             ; 8 (8)        ; 0           ; 0            ; 0       ; 0         ; 0    ; 0            ; |test_hardware|Integrate:lmao|lab_dp_pro:DP|ModuleReg:IRregister ;              ;
;          |ModuleReg:PCregister| ; 5 (5)             ; 5 (5)        ; 0           ; 0            ; 0       ; 0         ; 0    ; 0            ; |test_hardware|Integrate:lmao|lab_dp_pro:DP|ModuleReg:PCregister ;              ;
;          |RamReg:RAM|           ; 195 (195)         ; 216 (216)    ; 0           ; 0            ; 0       ; 0         ; 0    ; 0            ; |test_hardware|Integrate:lmao|lab_dp_pro:DP|RamReg:RAM           ;              ;
;    |decoder:decode|             ; 7 (7)             ; 0 (0)        ; 0           ; 0            ; 0       ; 0         ; 0    ; 0            ; |test_hardware|decoder:decode                                    ;              ;
+---------------------------------+-------------------+--------------+-------------+--------------+---------+-----------+------+--------------+------------------------------------------------------------------+--------------+
Note: For table entries with two numbers listed, the numbers in parentheses indicate the number of resources of the given type used by the specific entity alone. The numbers listed outside of parentheses indicate the total resources of the given type used by the specific entity and all of its sub-entities in the hierarchy.


Encoding Type:  One-Hot
+-------------------------------------------------------------------------------------------------------------------------------------+
; State Machine - |test_hardware|Integrate:lmao|lab_cu:CU|state                                                                       ;
+-----------+-----------+----------+----------+----------+----------+----------+----------+----------+----------+----------+----------+
; Name      ; state.S10 ; state.S9 ; state.S8 ; state.S7 ; state.S6 ; state.S5 ; state.S4 ; state.S3 ; state.S2 ; state.S1 ; state.S0 ;
+-----------+-----------+----------+----------+----------+----------+----------+----------+----------+----------+----------+----------+
; state.S0  ; 0         ; 0        ; 0        ; 0        ; 0        ; 0        ; 0        ; 0        ; 0        ; 0        ; 0        ;
; state.S1  ; 0         ; 0        ; 0        ; 0        ; 0        ; 0        ; 0        ; 0        ; 0        ; 1        ; 1        ;
; state.S2  ; 0         ; 0        ; 0        ; 0        ; 0        ; 0        ; 0        ; 0        ; 1        ; 0        ; 1        ;
; state.S3  ; 0         ; 0        ; 0        ; 0        ; 0        ; 0        ; 0        ; 1        ; 0        ; 0        ; 1        ;
; state.S4  ; 0         ; 0        ; 0        ; 0        ; 0        ; 0        ; 1        ; 0        ; 0        ; 0        ; 1        ;
; state.S5  ; 0         ; 0        ; 0        ; 0        ; 0        ; 1        ; 0        ; 0        ; 0        ; 0        ; 1        ;
; state.S6  ; 0         ; 0        ; 0        ; 0        ; 1        ; 0        ; 0        ; 0        ; 0        ; 0        ; 1        ;
; state.S7  ; 0         ; 0        ; 0        ; 1        ; 0        ; 0        ; 0        ; 0        ; 0        ; 0        ; 1        ;
; state.S8  ; 0         ; 0        ; 1        ; 0        ; 0        ; 0        ; 0        ; 0        ; 0        ; 0        ; 1        ;
; state.S9  ; 0         ; 1        ; 0        ; 0        ; 0        ; 0        ; 0        ; 0        ; 0        ; 0        ; 1        ;
; state.S10 ; 1         ; 0        ; 0        ; 0        ; 0        ; 0        ; 0        ; 0        ; 0        ; 0        ; 1        ;
+-----------+-----------+----------+----------+----------+----------+----------+----------+----------+----------+----------+----------+


+------------------------------------------------------------+
; Registers Removed During Synthesis                         ;
+---------------------------------------+--------------------+
; Register name                         ; Reason for Removal ;
+---------------------------------------+--------------------+
; Integrate:lmao|lab_cu:CU|state~4      ; Lost fanout        ;
; Integrate:lmao|lab_cu:CU|state~5      ; Lost fanout        ;
; Integrate:lmao|lab_cu:CU|state~6      ; Lost fanout        ;
; Integrate:lmao|lab_cu:CU|state~7      ; Lost fanout        ;
; Total Number of Removed Registers = 4 ;                    ;
+---------------------------------------+--------------------+


+------------------------------------------------------+
; General Register Statistics                          ;
+----------------------------------------------+-------+
; Statistic                                    ; Value ;
+----------------------------------------------+-------+
; Total registers                              ; 281   ;
; Number of registers using Synchronous Clear  ; 32    ;
; Number of registers using Synchronous Load   ; 5     ;
; Number of registers using Asynchronous Clear ; 65    ;
; Number of registers using Asynchronous Load  ; 0     ;
; Number of registers using Clock Enable       ; 237   ;
; Number of registers using Preset             ; 0     ;
+----------------------------------------------+-------+


+--------------------------------------------------------------------------------------------------------------------------------------------------------------------------------------+
; Multiplexer Restructuring Statistics (Restructuring Performed)                                                                                                                       ;
+--------------------+-----------+---------------+----------------------+------------------------+------------+------------------------------------------------------------------------+
; Multiplexer Inputs ; Bus Width ; Baseline Area ; Area if Restructured ; Saving if Restructured ; Registered ; Example Multiplexer Output                                             ;
+--------------------+-----------+---------------+----------------------+------------------------+------------+------------------------------------------------------------------------+
; 4:1                ; 8 bits    ; 16 LEs        ; 16 LEs               ; 0 LEs                  ; Yes        ; |test_hardware|Integrate:lmao|lab_dp_pro:DP|ModuleReg:Aregister|OUT[0] ;
; 32:1               ; 8 bits    ; 168 LEs       ; 144 LEs              ; 24 LEs                 ; Yes        ; |test_hardware|Integrate:lmao|lab_dp_pro:DP|RamReg:RAM|Q[5]            ;
+--------------------+-----------+---------------+----------------------+------------------------+------------+------------------------------------------------------------------------+


+-----------------------------------------------------------------------+
; Parameter Settings for User Entity Instance: Integrate:lmao|lab_cu:CU ;
+----------------+-------+----------------------------------------------+
; Parameter Name ; Value ; Type                                         ;
+----------------+-------+----------------------------------------------+
; S0             ; 0000  ; Unsigned Binary                              ;
; S1             ; 0001  ; Unsigned Binary                              ;
; S2             ; 0010  ; Unsigned Binary                              ;
; S3             ; 1000  ; Unsigned Binary                              ;
; S4             ; 1001  ; Unsigned Binary                              ;
; S5             ; 1010  ; Unsigned Binary                              ;
; S6             ; 1011  ; Unsigned Binary                              ;
; S7             ; 1100  ; Unsigned Binary                              ;
; S8             ; 1101  ; Unsigned Binary                              ;
; S9             ; 1110  ; Unsigned Binary                              ;
; S10            ; 1111  ; Unsigned Binary                              ;
+----------------+-------+----------------------------------------------+
Note: In order to hide this table in the UI and the text report file, please set the "Show Parameter Settings Tables in Synthesis Report" option in "Analysis and Synthesis Settings -> More Settings" to "Off".


+------------------------------------------------------------------------------------------------+
; Parameter Settings for User Entity Instance: Integrate:lmao|lab_dp_pro:DP|ModuleReg:IRregister ;
+----------------+-------+-----------------------------------------------------------------------+
; Parameter Name ; Value ; Type                                                                  ;
+----------------+-------+-----------------------------------------------------------------------+
; size           ; 8     ; Signed Integer                                                        ;
+----------------+-------+-----------------------------------------------------------------------+
Note: In order to hide this table in the UI and the text report file, please set the "Show Parameter Settings Tables in Synthesis Report" option in "Analysis and Synthesis Settings -> More Settings" to "Off".


+------------------------------------------------------------------------------------------------+
; Parameter Settings for User Entity Instance: Integrate:lmao|lab_dp_pro:DP|ModuleReg:PCregister ;
+----------------+-------+-----------------------------------------------------------------------+
; Parameter Name ; Value ; Type                                                                  ;
+----------------+-------+-----------------------------------------------------------------------+
; size           ; 5     ; Signed Integer                                                        ;
+----------------+-------+-----------------------------------------------------------------------+
Note: In order to hide this table in the UI and the text report file, please set the "Show Parameter Settings Tables in Synthesis Report" option in "Analysis and Synthesis Settings -> More Settings" to "Off".


+-----------------------------------------------------------------------------------------------+
; Parameter Settings for User Entity Instance: Integrate:lmao|lab_dp_pro:DP|ModuleReg:Aregister ;
+----------------+-------+----------------------------------------------------------------------+
; Parameter Name ; Value ; Type                                                                 ;
+----------------+-------+----------------------------------------------------------------------+
; size           ; 8     ; Signed Integer                                                       ;
+----------------+-------+----------------------------------------------------------------------+
Note: In order to hide this table in the UI and the text report file, please set the "Show Parameter Settings Tables in Synthesis Report" option in "Analysis and Synthesis Settings -> More Settings" to "Off".


+-------------------------------------------------------------------------------------------------------------------+
; Port Connectivity Checks: "Integrate:lmao|lab_dp_pro:DP"                                                          ;
+---------+--------+----------+-------------------------------------------------------------------------------------+
; Port    ; Type   ; Severity ; Details                                                                             ;
+---------+--------+----------+-------------------------------------------------------------------------------------+
; meminst ; Output ; Info     ; Connected to dangling logic. Logic that only feeds a dangling port will be removed. ;
; da70    ; Output ; Info     ; Connected to dangling logic. Logic that only feeds a dangling port will be removed. ;
; q70     ; Output ; Info     ; Connected to dangling logic. Logic that only feeds a dangling port will be removed. ;
; ir70    ; Output ; Info     ; Connected to dangling logic. Logic that only feeds a dangling port will be removed. ;
; pc40    ; Output ; Info     ; Connected to dangling logic. Logic that only feeds a dangling port will be removed. ;
; a70     ; Output ; Info     ; Connected to dangling logic. Logic that only feeds a dangling port will be removed. ;
+---------+--------+----------+-------------------------------------------------------------------------------------+


+--------------------------------------------------------+
; Port Connectivity Checks: "Integrate:lmao|lab4B_p2:SC" ;
+------+-------+----------+------------------------------+
; Port ; Type  ; Severity ; Details                      ;
+------+-------+----------+------------------------------+
; s[1] ; Input ; Info     ; Stuck at GND                 ;
; s[0] ; Input ; Info     ; Stuck at VCC                 ;
+------+-------+----------+------------------------------+


+---------------------------------------------------------------------------------------------------------------------------------------------------------------------------------------------------------------------+
; Port Connectivity Checks: "Integrate:lmao"                                                                                                                                                                          ;
+------------+--------+----------+------------------------------------------------------------------------------------------------------------------------------------------------------------------------------------+
; Port       ; Type   ; Severity ; Details                                                                                                                                                                            ;
+------------+--------+----------+------------------------------------------------------------------------------------------------------------------------------------------------------------------------------------+
; Nin        ; Input  ; Warning  ; Input port expression (32 bits) is wider than the input port (8 bits) it drives.  The 24 most-significant bit(s) in the expression will be dangling if they have no other fanouts. ;
; Nin[1..0]  ; Input  ; Info     ; Stuck at VCC                                                                                                                                                                       ;
; Nin[7..2]  ; Input  ; Info     ; Stuck at GND                                                                                                                                                                       ;
; Nout[7..4] ; Output ; Info     ; Connected to dangling logic. Logic that only feeds a dangling port will be removed.                                                                                                ;
+------------+--------+----------+------------------------------------------------------------------------------------------------------------------------------------------------------------------------------------+


+-------------------------------+
; Analysis & Synthesis Messages ;
+-------------------------------+
Info: *******************************************************************
Info: Running Quartus II Analysis & Synthesis
    Info: Version 9.1 Build 222 10/21/2009 SJ Web Edition
    Info: Processing started: Thu Jan 04 11:19:27 2018
Info: Command: quartus_map --read_settings_files=on --write_settings_files=off lab -c lab
Info: Found 1 design units, including 1 entities, in source file lab4b_p2.v
    Info: Found entity 1: lab4B_p2
Info: Found 1 design units, including 1 entities, in source file test_hardware.v
    Info: Found entity 1: test_hardware
Info: Found 1 design units, including 1 entities, in source file lab_cu.v
    Info: Found entity 1: lab_cu
Info: Found 1 design units, including 1 entities, in source file lab_cu_tb.v
    Info: Found entity 1: lab_cu_tb
Info: Found 1 design units, including 1 entities, in source file lab_dp_pro.v
    Info: Found entity 1: lab_dp_pro
Info: Found 1 design units, including 1 entities, in source file modulereg.v
    Info: Found entity 1: ModuleReg
Info: Found 1 design units, including 1 entities, in source file addsub.v
    Info: Found entity 1: addSub
Info: Found 1 design units, including 1 entities, in source file ramreg.v
    Info: Found entity 1: RamReg
Info: Found 1 design units, including 1 entities, in source file lab_dp_tb.v
    Info: Found entity 1: lab_dp_tb
Info: Found 1 design units, including 1 entities, in source file integrate.v
    Info: Found entity 1: Integrate
Info: Found 1 design units, including 1 entities, in source file integrate_tb.v
    Info: Found entity 1: Integrate_tb
Info: Found 1 design units, including 1 entities, in source file decoder.v
    Info: Found entity 1: decoder
Info: Elaborating entity "test_hardware" for the top level hierarchy
Warning (10034): Output port "LEDR[6..1]" at test_hardware.v(5) has no driver
Warning (10034): Output port "LEDG[7..4]" at test_hardware.v(6) has no driver
Info: Elaborating entity "Integrate" for hierarchy "Integrate:lmao"
Info: Elaborating entity "lab4B_p2" for hierarchy "Integrate:lmao|lab4B_p2:SC"
Info: Elaborating entity "lab_cu" for hierarchy "Integrate:lmao|lab_cu:CU"
Warning (10235): Verilog HDL Always Construct warning at lab_cu.v(37): variable "IR" is read inside the Always Construct but isn't in the Always Construct's Event Control
Warning (10235): Verilog HDL Always Construct warning at lab_cu.v(72): variable "Aeq0" is read inside the Always Construct but isn't in the Always Construct's Event Control
Warning (10235): Verilog HDL Always Construct warning at lab_cu.v(79): variable "Apos" is read inside the Always Construct but isn't in the Always Construct's Event Control
Info: Elaborating entity "lab_dp_pro" for hierarchy "Integrate:lmao|lab_dp_pro:DP"
Warning (10230): Verilog HDL assignment warning at lab_dp_pro.v(43): truncated value with size 32 to match size of target (5)
Warning (10230): Verilog HDL assignment warning at lab_dp_pro.v(62): truncated value with size 8 to match size of target (1)
Warning (10230): Verilog HDL assignment warning at lab_dp_pro.v(70): truncated value with size 8 to match size of target (5)
Info: Elaborating entity "ModuleReg" for hierarchy "Integrate:lmao|lab_dp_pro:DP|ModuleReg:IRregister"
Info: Elaborating entity "ModuleReg" for hierarchy "Integrate:lmao|lab_dp_pro:DP|ModuleReg:PCregister"
Info: Elaborating entity "RamReg" for hierarchy "Integrate:lmao|lab_dp_pro:DP|RamReg:RAM"
Info: Elaborating entity "decoder" for hierarchy "decoder:decode"
Warning: 1 hierarchies have connectivity warnings - see the Connectivity Checks report folder
Warning: Output pins are stuck at VCC or GND
    Warning (13410): Pin "LEDR[1]" is stuck at GND
    Warning (13410): Pin "LEDR[2]" is stuck at GND
    Warning (13410): Pin "LEDR[3]" is stuck at GND
    Warning (13410): Pin "LEDR[4]" is stuck at GND
    Warning (13410): Pin "LEDR[5]" is stuck at GND
    Warning (13410): Pin "LEDR[6]" is stuck at GND
    Warning (13410): Pin "LEDG[4]" is stuck at GND
    Warning (13410): Pin "LEDG[5]" is stuck at GND
    Warning (13410): Pin "LEDG[6]" is stuck at GND
    Warning (13410): Pin "LEDG[7]" is stuck at GND
Info: 4 registers lost all their fanouts during netlist optimizations. The first 4 are displayed below.
    Info: Register "Integrate:lmao|lab_cu:CU|state~4" lost all its fanouts during netlist optimizations.
    Info: Register "Integrate:lmao|lab_cu:CU|state~5" lost all its fanouts during netlist optimizations.
    Info: Register "Integrate:lmao|lab_cu:CU|state~6" lost all its fanouts during netlist optimizations.
    Info: Register "Integrate:lmao|lab_cu:CU|state~7" lost all its fanouts during netlist optimizations.
Info: Generated suppressed messages file C:/Users/Student/Desktop/BAME2044/lab.map.smsg
Warning: Design contains 9 input pin(s) that do not drive logic
    Warning (15610): No output dependent on input pin "SW[1]"
    Warning (15610): No output dependent on input pin "SW[2]"
    Warning (15610): No output dependent on input pin "SW[3]"
    Warning (15610): No output dependent on input pin "SW[4]"
    Warning (15610): No output dependent on input pin "SW[5]"
    Warning (15610): No output dependent on input pin "SW[6]"
    Warning (15610): No output dependent on input pin "SW[7]"
    Warning (15610): No output dependent on input pin "SW[8]"
    Warning (15610): No output dependent on input pin "SW[9]"
Info: Implemented 558 device resources after synthesis - the final resource count might be different
    Info: Implemented 12 input pins
    Info: Implemented 25 output pins
    Info: Implemented 521 logic cells
Info: Quartus II Analysis & Synthesis was successful. 0 errors, 31 warnings
    Info: Peak virtual memory: 200 megabytes
    Info: Processing ended: Thu Jan 04 11:19:31 2018
    Info: Elapsed time: 00:00:04
    Info: Total CPU time (on all processors): 00:00:04


+------------------------------------------+
; Analysis & Synthesis Suppressed Messages ;
+------------------------------------------+
The suppressed messages can be found in C:/Users/Student/Desktop/BAME2044/lab.map.smsg.


