PowerPlay Power Analyzer report for lab
Wed Jan 03 23:24:59 2018
Quartus II Version 9.1 Build 222 10/21/2009 SJ Web Edition


---------------------
; Table of Contents ;
---------------------
  1. Legal Notice
  2. PowerPlay Power Analyzer Summary
  3. PowerPlay Power Analyzer Settings
  4. Indeterminate Toggle Rates
  5. Operating Conditions Used
  6. Thermal Power Dissipation by Block
  7. Thermal Power Dissipation by Block Type
  8. Thermal Power Dissipation by Hierarchy
  9. Current Drawn from Voltage Supplies Summary
 10. VCCIO Supply Current Drawn by I/O Bank
 11. VCCIO Supply Current Drawn by Voltage
 12. Confidence Metric Details
 13. Signal Activities
 14. PowerPlay Power Analyzer Messages



----------------
; Legal Notice ;
----------------
Copyright (C) 1991-2009 Altera Corporation
Your use of Altera Corporation's design tools, logic functions 
and other software and tools, and its AMPP partner logic 
functions, and any output files from any of the foregoing 
(including device programming or simulation files), and any 
associated documentation or information are expressly subject 
to the terms and conditions of the Altera Program License 
Subscription Agreement, Altera MegaCore Function License 
Agreement, or other applicable license agreement, including, 
without limitation, that your use is for the sole purpose of 
programming logic devices manufactured by Altera and sold by 
Altera or its authorized distributors.  Please refer to the 
applicable agreement for further details.



+-------------------------------------------------------------------------------------------+
; PowerPlay Power Analyzer Summary                                                          ;
+----------------------------------------+--------------------------------------------------+
; PowerPlay Power Analyzer Status        ; Successful - Wed Jan 03 23:24:59 2018            ;
; Quartus II Version                     ; 9.1 Build 222 10/21/2009 SJ Web Edition          ;
; Revision Name                          ; lab                                              ;
; Top-level Entity Name                  ; Integrate                                        ;
; Family                                 ; Cyclone II                                       ;
; Device                                 ; EP2C20F484C7                                     ;
; Power Models                           ; Final                                            ;
; Total Thermal Power Dissipation        ; 69.79 mW                                         ;
; Core Dynamic Thermal Power Dissipation ; 0.00 mW                                          ;
; Core Static Thermal Power Dissipation  ; 47.36 mW                                         ;
; I/O Thermal Power Dissipation          ; 22.43 mW                                         ;
; Power Estimation Confidence            ; Low: user provided insufficient toggle rate data ;
+----------------------------------------+--------------------------------------------------+


+------------------------------------------------------------------------------------------------------+
; PowerPlay Power Analyzer Settings                                                                    ;
+----------------------------------------------------------------------------+---------+---------------+
; Option                                                                     ; Setting ; Default Value ;
+----------------------------------------------------------------------------+---------+---------------+
; Use smart compilation                                                      ; Off     ; Off           ;
; Enable parallel Assembler and TimeQuest Timing Analyzer during compilation ; On      ; On            ;
; Enable compact report table                                                ; Off     ; Off           ;
; Default Power Toggle Rate                                                  ; 12.5%   ; 12.5%         ;
; Default Power Input I/O Toggle Rate                                        ; 12.5%   ; 12.5%         ;
; Use vectorless estimation                                                  ; On      ; On            ;
; Use Input Files                                                            ; Off     ; Off           ;
; Filter Glitches in VCD File Reader                                         ; On      ; On            ;
; Power Analyzer Report Signal Activity                                      ; Off     ; Off           ;
; Power Analyzer Report Power Dissipation                                    ; Off     ; Off           ;
; Device Power Characteristics                                               ; TYPICAL ; TYPICAL       ;
; Automatically Compute Junction Temperature                                 ; On      ; On            ;
; Specified Junction Temperature                                             ; 25      ; 25            ;
; Ambient Temperature                                                        ; 25      ; 25            ;
; Use Custom Cooling Solution                                                ; Off     ; Off           ;
; Board Temperature                                                          ; 25      ; 25            ;
+----------------------------------------------------------------------------+---------+---------------+


+--------------------------------------+
; Indeterminate Toggle Rates           ;
+--------+-----------------------------+
; Node   ; Reason                      ;
+--------+-----------------------------+
; clock  ; No valid clock domain found ;
; Nin[0] ; No valid clock domain found ;
; Nin[1] ; No valid clock domain found ;
; Nin[2] ; No valid clock domain found ;
; Nin[3] ; No valid clock domain found ;
; Nin[4] ; No valid clock domain found ;
; Nin[5] ; No valid clock domain found ;
; Nin[6] ; No valid clock domain found ;
; Nin[7] ; No valid clock domain found ;
; enter  ; No valid clock domain found ;
; reset  ; No valid clock domain found ;
+--------+-----------------------------+


+-------------------------------------------------------------------------+
; Operating Conditions Used                                               ;
+---------------------------------------------+---------------------------+
; Setting                                     ; Value                     ;
+---------------------------------------------+---------------------------+
; Device power characteristics                ; Typical                   ;
;                                             ;                           ;
; Voltages                                    ;                           ;
;     VCCINT                                  ; 1.20 V                    ;
;     3.3-V LVTTL I/O Standard                ; 3.3 V                     ;
;                                             ;                           ;
; Auto computed junction temperature          ; 25.5 degrees Celsius      ;
;     Ambient temperature                     ; 25.0 degrees Celsius      ;
;     Junction-to-Case thermal resistance     ; 4.20 degrees Celsius/Watt ;
;     Case-to-Heat Sink thermal resistance    ; 0.10 degrees Celsius/Watt ;
;     Heat Sink-to-Ambient thermal resistance ; 3.50 degrees Celsius/Watt ;
;                                             ;                           ;
; Board model used                            ; None                      ;
+---------------------------------------------+---------------------------+


+----------------------------------------------------------------------------------------------------------------------------------------------+
; Thermal Power Dissipation by Block                                                                                                           ;
+------------+------------+---------------------+-----------------------------+--------------------------------+-------------------------------+
; Block Name ; Block Type ; Total Thermal Power ; Block Thermal Dynamic Power ; Block Thermal Static Power (1) ; Routing Thermal Dynamic Power ;
+------------+------------+---------------------+-----------------------------+--------------------------------+-------------------------------+
(1) The "Thermal Power Dissipation by Block" Table has been hidden. To show this table, please select the "Write power dissipation by block to report file" option under "PowerPlay Power Analyzer Settings".


+-----------------------------------------------------------------------------------------------------------------------------------------------------------------------------------------------------------+
; Thermal Power Dissipation by Block Type                                                                                                                                                                   ;
+------------+-----------------------------------+-----------------------------+--------------------------------+-------------------------------+-----------------------------------------------------------+
; Block Type ; Total Thermal Power by Block Type ; Block Thermal Dynamic Power ; Block Thermal Static Power (1) ; Routing Thermal Dynamic Power ; Block Average Toggle Rate (millions of transitions / sec) ;
+------------+-----------------------------------+-----------------------------+--------------------------------+-------------------------------+-----------------------------------------------------------+
; I/O        ; 3.49 mW                           ; 0.00 mW                     ; 3.49 mW                        ; 0.00 mW                       ;    0.000                                                  ;
+------------+-----------------------------------+-----------------------------+--------------------------------+-------------------------------+-----------------------------------------------------------+
(1) The "Block Thermal Static Power" for all block types except Pins and the Voltage Regulator, if one exists, is part of the "Core Static Thermal Power Dissipation" value found on the PowerPlay Power Analyzer-->Summary report panel. The "Core Static Thermal Power Dissipation" also contains the thermal static power dissipated by the routing.


+--------------------------------------------------------------------------------------------------------------------------------------------------------------------------------------------------------+
; Thermal Power Dissipation by Hierarchy                                                                                                                                                                 ;
+----------------------------+--------------------------------------+---------------------------------+-----------------------------------+-----------------------------------+--------------------------+
; Compilation Hierarchy Node ; Total Thermal Power by Hierarchy (1) ; Block Thermal Dynamic Power (1) ; Block Thermal Static Power (1)(2) ; Routing Thermal Dynamic Power (1) ; Full Hierarchy Name      ;
+----------------------------+--------------------------------------+---------------------------------+-----------------------------------+-----------------------------------+--------------------------+
; |Integrate                 ; 3.49 mW (3.49 mW)                    ; 0.00 mW (0.00 mW)               ; 3.49 mW (3.49 mW)                 ; 0.00 mW (0.00 mW)                 ; |Integrate               ;
;     |lab_cu:CU             ; 0.00 mW (0.00 mW)                    ; 0.00 mW (0.00 mW)               ; --                                ; 0.00 mW (0.00 mW)                 ; |Integrate|lab_cu:CU     ;
;     |lab_dp_pro:DP         ; 0.00 mW (0.00 mW)                    ; 0.00 mW (0.00 mW)               ; --                                ; 0.00 mW (0.00 mW)                 ; |Integrate|lab_dp_pro:DP ;
+----------------------------+--------------------------------------+---------------------------------+-----------------------------------+-----------------------------------+--------------------------+
(1) Value in parentheses is the power consumed at that level of hierarchy. Value not in parentheses is the power consumed at that level of hierarchy plus the power consumed by all levels of hierarchy below it.

(2) The "Block Thermal Static Power" for all levels of hierarchy except the top-level hierarchy is part of the "Core Static Thermal Power Dissipation" value found on the PowerPlay Power Analyzer-->Summary report panel. The "Core Static Thermal Power Dissipation" also contains the thermal static power dissipated by the routing.


+------------------------------------------------------------------------------------------------------------------------------------+
; Current Drawn from Voltage Supplies Summary                                                                                        ;
+----------------+-------------------------+---------------------------+--------------------------+----------------------------------+
; Voltage Supply ; Total Current Drawn (1) ; Dynamic Current Drawn (1) ; Static Current Drawn (1) ; Minimum Power Supply Current (2) ;
+----------------+-------------------------+---------------------------+--------------------------+----------------------------------+
; VCCINT         ; 41.29 mA                ; 0.00 mA                   ; 41.29 mA                 ; 41.29 mA                         ;
; VCCIO          ; 6.13 mA                 ; 0.00 mA                   ; 6.13 mA                  ; 6.13 mA                          ;
+----------------+-------------------------+---------------------------+--------------------------+----------------------------------+
(1) Currents reported in columns "Total Current Drawn", "Dynamic Current Drawn", and "Static Current Drawn" are sufficient for user operation of the device.  
(2) Currents reported in column "Minimum Power Supply Current" are sufficient for  power-up, configuration, and user operation of the device.


+-----------------------------------------------------------------------------------------------+
; VCCIO Supply Current Drawn by I/O Bank                                                        ;
+----------+---------------+---------------------+-----------------------+----------------------+
; I/O Bank ; VCCIO Voltage ; Total Current Drawn ; Dynamic Current Drawn ; Static Current Drawn ;
+----------+---------------+---------------------+-----------------------+----------------------+
; 1        ; 3.3V          ; 0.72 mA             ; 0.00 mA               ; 0.72 mA              ;
; 2        ; 3.3V          ; 0.93 mA             ; 0.00 mA               ; 0.93 mA              ;
; 3        ; 3.3V          ; 0.76 mA             ; 0.00 mA               ; 0.76 mA              ;
; 4        ; 3.3V          ; 0.74 mA             ; 0.00 mA               ; 0.74 mA              ;
; 5        ; 3.3V          ; 0.73 mA             ; 0.00 mA               ; 0.73 mA              ;
; 6        ; 3.3V          ; 0.73 mA             ; 0.00 mA               ; 0.73 mA              ;
; 7        ; 3.3V          ; 0.76 mA             ; 0.00 mA               ; 0.76 mA              ;
; 8        ; 3.3V          ; 0.77 mA             ; 0.00 mA               ; 0.77 mA              ;
+----------+---------------+---------------------+-----------------------+----------------------+


+-----------------------------------------------------------------------------------------------------------------------------------+
; VCCIO Supply Current Drawn by Voltage                                                                                             ;
+---------------+-------------------------+---------------------------+--------------------------+----------------------------------+
; VCCIO Voltage ; Total Current Drawn (1) ; Dynamic Current Drawn (1) ; Static Current Drawn (1) ; Minimum Power Supply Current (2) ;
+---------------+-------------------------+---------------------------+--------------------------+----------------------------------+
; 3.3V          ; 6.13 mA                 ; 0.00 mA                   ; 6.13 mA                  ; 6.13 mA                          ;
+---------------+-------------------------+---------------------------+--------------------------+----------------------------------+
(1) Currents reported in columns "Total Current Drawn", "Dynamic Current Drawn", and "Static Current Drawn" are sufficient for user operation of the device.  
(2) Currents reported in column "Minimum Power Supply Current" are sufficient for  power-up, configuration, and user operation of the device.


+-----------------------------------------------------------------------------------------------------------------------------------------------+
; Confidence Metric Details                                                                                                                     ;
+----------------------------------------------------------------------------------------+------------+------------+------------+---------------+
; Data Source                                                                            ; Total      ; Pin        ; Registered ; Combinational ;
+----------------------------------------------------------------------------------------+------------+------------+------------+---------------+
; Simulation (from file)                                                                 ;            ;            ;            ;               ;
;     -- Number of signals with Toggle Rate from Simulation                              ; 0 (0.0%)   ; 0 (0.0%)   ; 0 (100.0%) ; 0 (100.0%)    ;
;     -- Number of signals with Static Probability from Simulation                       ; 0 (0.0%)   ; 0 (0.0%)   ; 0 (100.0%) ; 0 (100.0%)    ;
;                                                                                        ;            ;            ;            ;               ;
; Node, entity or clock assignment                                                       ;            ;            ;            ;               ;
;     -- Number of signals with Toggle Rate from Node, entity or clock assignment        ; 0 (0.0%)   ; 0 (0.0%)   ; 0 (100.0%) ; 0 (100.0%)    ;
;     -- Number of signals with Static Probability from Node, entity or clock assignment ; 0 (0.0%)   ; 0 (0.0%)   ; 0 (100.0%) ; 0 (100.0%)    ;
;                                                                                        ;            ;            ;            ;               ;
; Vectorless estimation                                                                  ;            ;            ;            ;               ;
;     -- Number of signals with Toggle Rate from Vectorless estimation                   ; 17 (56.7%) ; 17 (56.7%) ; 0 (100.0%) ; 0 (100.0%)    ;
;     -- Number of signals with Zero toggle rate, from Vectorless estimation             ; 17 (56.7%) ; 17 (56.7%) ; 0 (100.0%) ; 0 (100.0%)    ;
;     -- Number of signals with Static Probability from Vectorless estimation            ; 17 (56.7%) ; 17 (56.7%) ; 0 (100.0%) ; 0 (100.0%)    ;
;                                                                                        ;            ;            ;            ;               ;
; Default assignment                                                                     ;            ;            ;            ;               ;
;     -- Number of signals with Toggle Rate from Default assignment                      ; 0 (0.0%)   ; 0 (0.0%)   ; 0 (100.0%) ; 0 (100.0%)    ;
;     -- Number of signals with Static Probability from Default assignment               ; 13 (43.3%) ; 13 (43.3%) ; 0 (100.0%) ; 0 (100.0%)    ;
;                                                                                        ;            ;            ;            ;               ;
; Assumed 0                                                                              ;            ;            ;            ;               ;
;     -- Number of signals with Toggle Rate assumed 0                                    ; 13 (43.3%) ; 13 (43.3%) ; 0 (100.0%) ; 0 (100.0%)    ;
+----------------------------------------------------------------------------------------+------------+------------+------------+---------------+


+---------------------------------------------------------------------------------------------------------------------------------------------+
; Signal Activities                                                                                                                           ;
+--------+------+---------------------------------------------+-------------------------+--------------------+--------------------------------+
; Signal ; Type ; Toggle Rate (millions of transitions / sec) ; Toggle Rate Data Source ; Static Probability ; Static Probability Data Source ;
+--------+------+---------------------------------------------+-------------------------+--------------------+--------------------------------+
(1) The "Signal Activity" Table has been hidden. To show this table, please select the "Write signal activities to report file" option under "PowerPlay Power Analyzer Settings".


+-----------------------------------+
; PowerPlay Power Analyzer Messages ;
+-----------------------------------+
Info: *******************************************************************
Info: Running Quartus II PowerPlay Power Analyzer
    Info: Version 9.1 Build 222 10/21/2009 SJ Web Edition
    Info: Processing started: Wed Jan 03 23:24:57 2018
Info: Command: quartus_pow --read_settings_files=on --write_settings_files=off lab -c lab
Info: Low junction temperature is 0 degrees C
Info: High junction temperature is 85 degrees C
Info: Reading SDC File: 'lab.out.sdc'
Warning: At least one of the filters had some problems and could not be matched
    Warning: clock could not be matched with a port
Warning: Ignored assignment: create_clock -name {clock} -period 2.000 -waveform { 0.000 1.000 } [get_ports {clock}]
    Warning: Argument <targets> is an empty collection
Info: The command derive_clocks did not find any clocks to derive.  No clocks were created or changed.
Warning: No clocks defined in design.
Info: Starting Vectorless Power Activity Estimation
Warning: Relative toggle rates could not be calculated because no clock domain could be identified for some nodes
Info: Completed Vectorless Power Activity Estimation
Warning: No board thermal model was selected.  Analyzing without board thermal modeling.
Warning: Found 16 output pins without output pin load capacitance assignment
    Warning: Pin "halt" has no specified output pin load capacitance -- assuming default load capacitance of 0 pF for Power Estimation
    Warning: Pin "Nout[0]" has no specified output pin load capacitance -- assuming default load capacitance of 0 pF for Power Estimation
    Warning: Pin "Nout[1]" has no specified output pin load capacitance -- assuming default load capacitance of 0 pF for Power Estimation
    Warning: Pin "Nout[2]" has no specified output pin load capacitance -- assuming default load capacitance of 0 pF for Power Estimation
    Warning: Pin "Nout[3]" has no specified output pin load capacitance -- assuming default load capacitance of 0 pF for Power Estimation
    Warning: Pin "Nout[4]" has no specified output pin load capacitance -- assuming default load capacitance of 0 pF for Power Estimation
    Warning: Pin "Nout[5]" has no specified output pin load capacitance -- assuming default load capacitance of 0 pF for Power Estimation
    Warning: Pin "Nout[6]" has no specified output pin load capacitance -- assuming default load capacitance of 0 pF for Power Estimation
    Warning: Pin "Nout[7]" has no specified output pin load capacitance -- assuming default load capacitance of 0 pF for Power Estimation
    Warning: Pin "IR75out[0]" has no specified output pin load capacitance -- assuming default load capacitance of 0 pF for Power Estimation
    Warning: Pin "IR75out[1]" has no specified output pin load capacitance -- assuming default load capacitance of 0 pF for Power Estimation
    Warning: Pin "IR75out[2]" has no specified output pin load capacitance -- assuming default load capacitance of 0 pF for Power Estimation
    Warning: Pin "StateNoout[0]" has no specified output pin load capacitance -- assuming default load capacitance of 0 pF for Power Estimation
    Warning: Pin "StateNoout[1]" has no specified output pin load capacitance -- assuming default load capacitance of 0 pF for Power Estimation
    Warning: Pin "StateNoout[2]" has no specified output pin load capacitance -- assuming default load capacitance of 0 pF for Power Estimation
    Warning: Pin "StateNoout[3]" has no specified output pin load capacitance -- assuming default load capacitance of 0 pF for Power Estimation
Info: Average toggle rate for this design is 0.000 millions of transitions / sec
Info: Total thermal power estimate for the design is 69.79 mW
Info: Quartus II PowerPlay Power Analyzer was successful. 0 errors, 24 warnings
    Info: Peak virtual memory: 269 megabytes
    Info: Processing ended: Wed Jan 03 23:24:59 2018
    Info: Elapsed time: 00:00:02
    Info: Total CPU time (on all processors): 00:00:02


